------------------------------------------------------------
TimeQuest Timing Analyzer Summary
------------------------------------------------------------

Type  : Slow 1200mV 85C Model Setup 'clk'
Slack : -3.861
TNS   : -117.227

Type  : Slow 1200mV 85C Model Setup 'clk_1khz'
Slack : -1.944
TNS   : -27.717

Type  : Slow 1200mV 85C Model Hold 'clk'
Slack : -0.184
TNS   : -0.184

Type  : Slow 1200mV 85C Model Hold 'clk_1khz'
Slack : 0.453
TNS   : 0.000

Type  : Slow 1200mV 85C Model Minimum Pulse Width 'clk'
Slack : -3.000
TNS   : -52.071

Type  : Slow 1200mV 85C Model Minimum Pulse Width 'clk_1khz'
Slack : -1.487
TNS   : -29.740

Type  : Slow 1200mV 0C Model Setup 'clk'
Slack : -3.545
TNS   : -107.513

Type  : Slow 1200mV 0C Model Setup 'clk_1khz'
Slack : -1.754
TNS   : -24.584

Type  : Slow 1200mV 0C Model Hold 'clk'
Slack : -0.116
TNS   : -0.116

Type  : Slow 1200mV 0C Model Hold 'clk_1khz'
Slack : 0.402
TNS   : 0.000

Type  : Slow 1200mV 0C Model Minimum Pulse Width 'clk'
Slack : -3.000
TNS   : -52.071

Type  : Slow 1200mV 0C Model Minimum Pulse Width 'clk_1khz'
Slack : -1.487
TNS   : -29.740

Type  : Fast 1200mV 0C Model Setup 'clk'
Slack : -1.080
TNS   : -30.458

Type  : Fast 1200mV 0C Model Setup 'clk_1khz'
Slack : -0.267
TNS   : -1.353

Type  : Fast 1200mV 0C Model Hold 'clk'
Slack : -0.254
TNS   : -0.254

Type  : Fast 1200mV 0C Model Hold 'clk_1khz'
Slack : 0.187
TNS   : 0.000

Type  : Fast 1200mV 0C Model Minimum Pulse Width 'clk'
Slack : -3.000
TNS   : -38.186

Type  : Fast 1200mV 0C Model Minimum Pulse Width 'clk_1khz'
Slack : -1.000
TNS   : -20.000

------------------------------------------------------------
